** Drc report for cmfd-board-a.kicad_pcb **
** Created on 2026-07-22T10:10:34 **
** Report includes: Errors, Warnings **

** Found 47 DRC violations **
[clearance]: Clearance violation ( clearance 0.2000 mm; actual 0.0250 mm)
    Local override; error
    @(122.0000 mm, 126.5000 mm): Track [GND] on F.Cu, length 6.5000 mm
    @(127.5000 mm, 127.5000 mm): PTH pad 1 [RK_SYM] of J_SYM
[tracks_crossing]: Tracks crossing
    Local override; error
    @(26.0000 mm, 30.5000 mm): Track [GND] on F.Cu, length 15.0000 mm
    @(26.0000 mm, 26.0000 mm): Track [RK_BRT] on F.Cu, length 6.5000 mm
[shorting_items]: Items shorting two nets (nets RK_SYM and GND)
    Local override; error
    @(128.5000 mm, 122.0000 mm): Track [RK_SYM] on F.Cu, length 5.5902 mm
    @(128.5000 mm, 126.5000 mm): PTH pad 2 [GND] of SW2
[shorting_items]: Items shorting two nets (nets RK_SYM and GND)
    Local override; error
    @(127.5000 mm, 127.5000 mm): PTH pad 1 [RK_SYM] of J_SYM
    @(128.5000 mm, 126.5000 mm): PTH pad 2 [GND] of SW2
[shorting_items]: Items shorting two nets (nets RK_SYM and GND)
    Local override; error
    @(127.5000 mm, 127.5000 mm): PTH pad 1 [RK_SYM] of J_SYM
    @(128.5000 mm, 126.5000 mm): PTH pad 2 [GND] of SW2
[courtyards_overlap]: Courtyards overlap
    Rule: board setup constraints courtyard; error
    @(134.0000 mm, 113.0000 mm): Footprint S6
    @(122.0000 mm, 122.0000 mm): Footprint SW2
[courtyards_overlap]: Courtyards overlap
    Rule: board setup constraints courtyard; error
    @(74.0000 mm, 14.0000 mm): Footprint S13
    @(74.0000 mm, 20.0000 mm): Footprint J_GND
[pth_inside_courtyard]: PTH inside courtyard
    Local override; error
    @(74.0000 mm, 20.0000 mm): PTH pad 1 [GND] of J_GND
    @(74.0000 mm, 14.0000 mm): Footprint S13
[pth_inside_courtyard]: PTH inside courtyard
    Local override; error
    @(74.0000 mm, 18.5000 mm): PTH pad 2 [GND] of S13
    @(74.0000 mm, 20.0000 mm): Footprint J_GND
[courtyards_overlap]: Courtyards overlap
    Rule: board setup constraints courtyard; error
    @(127.5000 mm, 127.5000 mm): Footprint J_SYM
    @(122.0000 mm, 122.0000 mm): Footprint SW2
[pth_inside_courtyard]: PTH inside courtyard
    Local override; error
    @(128.5000 mm, 126.5000 mm): PTH pad 2 [GND] of SW2
    @(127.5000 mm, 127.5000 mm): Footprint J_SYM
[pth_inside_courtyard]: PTH inside courtyard
    Local override; error
    @(127.5000 mm, 127.5000 mm): PTH pad 1 [RK_SYM] of J_SYM
    @(122.0000 mm, 122.0000 mm): Footprint SW2
[copper_edge_clearance]: Board edge clearance violation (board setup constraints edge clearance 0.5000 mm; actual 0.0000 mm)
    Rule: board setup constraints edge; error
    @(23.0000 mm, 23.0000 mm): Segment on Edge.Cuts
    @(26.0000 mm, 30.5000 mm): Track [GND] on F.Cu, length 15.0000 mm
[copper_edge_clearance]: Board edge clearance violation (board setup constraints edge clearance 0.5000 mm; actual 0.0000 mm)
    Rule: board setup constraints edge; error
    @(125.0000 mm, 23.0000 mm): Segment on Edge.Cuts
    @(122.0000 mm, 30.5000 mm): Track [GND] on F.Cu, length 6.5000 mm
[copper_edge_clearance]: Board edge clearance violation (board setup constraints edge clearance 0.5000 mm; actual 0.0000 mm)
    Rule: board setup constraints edge; error
    @(23.0000 mm, 23.0000 mm): Segment on Edge.Cuts
    @(122.0000 mm, 30.5000 mm): Track [GND] on F.Cu, length 15.0000 mm
[copper_edge_clearance]: Board edge clearance violation (board setup constraints edge clearance 0.5000 mm; actual 0.0000 mm)
    Rule: board setup constraints edge; error
    @(23.0000 mm, 125.0000 mm): Segment on Edge.Cuts
    @(26.0000 mm, 122.0000 mm): Track [RK_GAIN] on F.Cu, length 7.7782 mm
[copper_edge_clearance]: Board edge clearance violation (board setup constraints edge clearance 0.5000 mm; actual 0.0000 mm)
    Rule: board setup constraints edge; error
    @(125.0000 mm, 23.0000 mm): Segment on Edge.Cuts
    @(122.0000 mm, 122.0000 mm): Track [RK_SYM] on F.Cu, length 6.5000 mm
[copper_edge_clearance]: Board edge clearance violation (board setup constraints edge clearance 0.5000 mm; actual 0.0000 mm)
    Rule: board setup constraints edge; error
    @(23.0000 mm, 23.0000 mm): Segment on Edge.Cuts
    @(26.0000 mm, 26.0000 mm): Track [RK_BRT] on F.Cu, length 7.7782 mm
[copper_edge_clearance]: Board edge clearance violation (board setup constraints edge clearance 0.5000 mm; actual 0.0000 mm)
    Rule: board setup constraints edge; error
    @(125.0000 mm, 23.0000 mm): Segment on Edge.Cuts
    @(122.0000 mm, 26.0000 mm): Track [RK_CON] on F.Cu, length 6.5000 mm
[copper_edge_clearance]: Board edge clearance violation (board setup constraints edge clearance 0.5000 mm; actual 0.0000 mm)
    Rule: board setup constraints edge; error
    @(23.0000 mm, 23.0000 mm): Segment on Edge.Cuts
    @(74.0000 mm, 22.5400 mm): PTH pad 2 [GND] of J_GND
[solder_mask_bridge]: Front solder mask aperture bridges items with different nets
    Rule: board setup solder mask min width; error
    @(128.5000 mm, 126.5000 mm): PTH pad 2 [GND] of SW2
    @(127.5000 mm, 127.5000 mm): PTH pad 1 [RK_SYM] of J_SYM
[solder_mask_bridge]: Rear solder mask aperture bridges items with different nets
    Rule: board setup solder mask min width; error
    @(127.5000 mm, 127.5000 mm): PTH pad 1 [RK_SYM] of J_SYM
    @(128.5000 mm, 126.5000 mm): PTH pad 2 [GND] of SW2
[solder_mask_bridge]: Front solder mask aperture bridges items with different nets
    Rule: board setup solder mask min width; error
    @(128.5000 mm, 122.0000 mm): Track [RK_SYM] on F.Cu, length 5.5902 mm
    @(128.5000 mm, 126.5000 mm): PTH pad 2 [GND] of SW2
[silk_edge_clearance]: Silkscreen clipped by board edge
    Rule: board setup constraints silk; warning
    @(23.0000 mm, 23.0000 mm): Segment on Edge.Cuts
    @(72.6200 mm, 21.2700 mm): Segment of J_GND on F.Silkscreen
[silk_edge_clearance]: Silkscreen clipped by board edge
    Rule: board setup constraints silk; warning
    @(23.0000 mm, 23.0000 mm): Segment on Edge.Cuts
    @(75.3800 mm, 21.2700 mm): Segment of J_GND on F.Silkscreen
[silk_edge_clearance]: Silkscreen clipped by board edge
    Rule: board setup constraints silk; warning
    @(125.0000 mm, 23.0000 mm): Segment on Edge.Cuts
    @(125.2500 mm, 24.0000 mm): Reference field of SW4
[silk_edge_clearance]: Silkscreen clipped by board edge
    Rule: board setup constraints silk; warning
    @(125.0000 mm, 23.0000 mm): Segment on Edge.Cuts
    @(123.0000 mm, 31.5000 mm): Segment of SW4 on F.Silkscreen
[silk_edge_clearance]: Silkscreen clipped by board edge
    Rule: board setup constraints silk; warning
    @(125.0000 mm, 23.0000 mm): Segment on Edge.Cuts
    @(127.5000 mm, 25.0000 mm): Segment of SW4 on F.Silkscreen
[silk_edge_clearance]: Silkscreen clipped by board edge
    Rule: board setup constraints silk; warning
    @(125.0000 mm, 125.0000 mm): Segment on Edge.Cuts
    @(25.7500 mm, 123.5000 mm): Segment of SW1 on F.Silkscreen
[silk_edge_clearance]: Silkscreen clipped by board edge
    Rule: board setup constraints silk; warning
    @(125.0000 mm, 125.0000 mm): Segment on Edge.Cuts
    @(32.7500 mm, 125.0000 mm): Segment of SW1 on F.Silkscreen
[silk_edge_clearance]: Silkscreen clipped by board edge
    Rule: board setup constraints silk; warning
    @(125.0000 mm, 23.0000 mm): Segment on Edge.Cuts
    @(125.2500 mm, 120.0000 mm): Reference field of SW2
[silk_edge_clearance]: Silkscreen clipped by board edge
    Rule: board setup constraints silk; warning
    @(125.0000 mm, 125.0000 mm): Segment on Edge.Cuts
    @(121.7500 mm, 123.5000 mm): Segment of SW2 on F.Silkscreen
[silk_edge_clearance]: Silkscreen clipped by board edge
    Rule: board setup constraints silk; warning
    @(125.0000 mm, 23.0000 mm): Segment on Edge.Cuts
    @(127.5000 mm, 121.0000 mm): Segment of SW2 on F.Silkscreen
[hole_to_hole]: Drilled hole too close to other hole (board setup constraints min 0.4995 mm; actual 0.4500 mm)
    Rule: board setup constraints; warning
    @(74.0000 mm, 18.5000 mm): PTH pad 2 [GND] of S13
    @(74.0000 mm, 20.0000 mm): PTH pad 1 [GND] of J_GND
[hole_to_hole]: Drilled hole too close to other hole (board setup constraints min 0.4995 mm; actual 0.3642 mm)
    Rule: board setup constraints; warning
    @(127.5000 mm, 127.5000 mm): PTH pad 1 [RK_SYM] of J_SYM
    @(128.5000 mm, 126.5000 mm): PTH pad 2 [GND] of SW2
[text_height]: Text height out of range (board setup constraints silk text height min height 0.8000 mm; actual 0.7000 mm)
    Rule: board setup constraints silk text height; warning
    @(22.0000 mm, 33.5000 mm): PCB text 'BRT' on F.Silkscreen
[text_height]: Text height out of range (board setup constraints silk text height min height 0.8000 mm; actual 0.7000 mm)
    Rule: board setup constraints silk text height; warning
    @(22.0000 mm, 129.5000 mm): PCB text 'GAIN' on F.Silkscreen
[text_height]: Text height out of range (board setup constraints silk text height min height 0.8000 mm; actual 0.7000 mm)
    Rule: board setup constraints silk text height; warning
    @(22.0000 mm, 140.0000 mm): PCB text '1 pin per button' on F.Silkscreen
[text_height]: Text height out of range (board setup constraints silk text height min height 0.8000 mm; actual 0.7000 mm)
    Rule: board setup constraints silk text height; warning
    @(118.0000 mm, 33.5000 mm): PCB text 'CON' on F.Silkscreen
[text_height]: Text height out of range (board setup constraints silk text height min height 0.8000 mm; actual 0.7000 mm)
    Rule: board setup constraints silk text height; warning
    @(118.0000 mm, 129.5000 mm): PCB text 'SYM' on F.Silkscreen
[silk_overlap]: Silkscreen clearance
    Rule: board setup constraints silk; warning
    @(123.0000 mm, 127.5000 mm): Segment of SW2 on F.Silkscreen
    @(126.1200 mm, 127.5000 mm): Segment of J_SYM on F.Silkscreen
[silk_overlap]: Silkscreen clearance
    Rule: board setup constraints silk; warning
    @(127.5000 mm, 125.1200 mm): Reference field of J_SYM
    @(128.7500 mm, 125.0000 mm): Segment of SW2 on F.Silkscreen
[silk_overlap]: Silkscreen clearance
    Rule: board setup constraints silk; warning
    @(74.0000 mm, 17.6200 mm): Reference field of J_GND
    @(73.7500 mm, 15.5000 mm): Segment of S13 on F.Silkscreen
[silk_over_copper]: Silkscreen clipped by solder mask
    Local override; warning
    @(123.0000 mm, 127.5000 mm): Segment of SW2 on F.Silkscreen
    @(127.5000 mm, 127.5000 mm): PTH pad 1 [RK_SYM] of J_SYM
[silk_over_copper]: Silkscreen clipped by solder mask
    Local override; warning
    @(127.5000 mm, 125.1200 mm): Reference field of J_SYM
    @(128.5000 mm, 126.5000 mm): PTH pad 2 [GND] of SW2
[silk_over_copper]: Silkscreen clipped by solder mask
    Local override; warning
    @(74.0000 mm, 17.6200 mm): Reference field of J_GND
    @(74.0000 mm, 18.5000 mm): PTH pad 2 [GND] of S13
[silk_over_copper]: Silkscreen clipped by solder mask
    Local override; warning
    @(72.6200 mm, 18.6200 mm): Segment of J_GND on F.Silkscreen
    @(74.0000 mm, 18.5000 mm): PTH pad 2 [GND] of S13

** Found 4 unconnected pads **
[unconnected_items]: Missing connection between items
    Local override; error
    @(26.0000 mm, 30.5000 mm): Track [GND] on F.Cu, length 6.5000 mm
    @(18.5000 mm, 35.0000 mm): Track [GND] on F.Cu, length 6.5000 mm
[unconnected_items]: Missing connection between items
    Local override; error
    @(74.0000 mm, 22.5400 mm): PTH pad 2 [GND] of J_GND
    @(74.0000 mm, 18.5000 mm): Track [GND] on F.Cu, length 1.5000 mm
[unconnected_items]: Missing connection between items
    Local override; error
    @(122.0000 mm, 126.5000 mm): Track [GND] on F.Cu, length 6.5000 mm
    @(129.5000 mm, 119.5000 mm): PTH pad 2 [GND] of S6
[unconnected_items]: Missing connection between items
    Local override; error
    @(129.5000 mm, 54.5000 mm): Track [GND] on F.Cu, length 19.5000 mm
    @(122.0000 mm, 30.5000 mm): Track [GND] on F.Cu, length 6.5000 mm

** Found 0 Footprint errors **

** Ignored checks **
    - Footprint has no courtyard defined
    - Track endpoint not centered on via
    - Tuning profile track geometries
    - Footprint doesn't match symbol's footprint filters
    - Footprint component type doesn't match footprint pads

** End of Report **
